<html>
<body>
<pre>
<h1>µVision Build Log</h1>
<h2>Project:</h2>
C:\Users\Omar\Desktop\TivaC_Project\TivaC.uvproj
Project File Date:  06/02/2021

<h2>Output:</h2>
Rebuild target 'Target 1'
assembling startup_TM4C123.s...
compiling main.c...
compiling Clock.c...
compiling GPIO.c...
compiling SEVEN_SEGMENT_DISPLAY.c...
compiling LCD.c...
compiling UART.c...
compiling UARTINIT.c...
linking...
Program Size: Code=3312 RO-data=652 RW-data=12 ZI-data=516  
".\TivaC.axf" - 0 Error(s), 0 Warning(s).
</pre>
</body>
</html>
...
".\TivaC.axf" - 1 Error(s), 0 Warning(s).
Target not created
