ARM Linker, 5.03 [Build 76] [MDK-ARM Lite]

==============================================================================

Section Cross References

    startup_tm4c123.o(RESET) refers to startup_tm4c123.o(STACK) for __initial_sp
    startup_tm4c123.o(RESET) refers to startup_tm4c123.o(.text) for Reset_Handler
    startup_tm4c123.o(.text) refers to main.o(.text) for SystemInit
    startup_tm4c123.o(.text) refers to entry.o(.ARM.Collect$$$$00000000) for __main
    main.o(.text) refers to clock.o(.text) for vGPIOCLOCK_SET
    main.o(.text) refers to gpio.o(.text) for vGPIODIR_SET
    main.o(.text) refers to seven_segment_display.o(.text) for vLED_WRITE
    main.o(.text) refers to main.o(.data) for startingPoint
    seven_segment_display.o(.text) refers to gpio.o(.text) for vGPIODATA_RESET
    lcd.o(.text) refers to gpio.o(.text) for vGPIODATA_WRITE
    lcd.o(.text) refers to clock.o(.text) for vGPIOCLOCK_SET
    uartinit.o(.text) refers to clock.o(.text) for vUARTCLOCK_SET
    uartinit.o(.text) refers to uart.o(.text) for vUARTCTL_RESET
    uartinit.o(.text) refers to gpio.o(.text) for vGPIOAFSEL_SET
    entry.o(.ARM.Collect$$$$00000000) refers (Special) to entry10a.o(.ARM.Collect$$$$0000000D) for __rt_final_cpp
    entry.o(.ARM.Collect$$$$00000000) refers (Special) to entry11a.o(.ARM.Collect$$$$0000000F) for __rt_final_exit
    entry.o(.ARM.Collect$$$$00000000) refers (Special) to entry7b.o(.ARM.Collect$$$$00000008) for _main_clock
    entry.o(.ARM.Collect$$$$00000000) refers (Special) to entry8b.o(.ARM.Collect$$$$0000000A) for _main_cpp_init
    entry.o(.ARM.Collect$$$$00000000) refers (Special) to entry9a.o(.ARM.Collect$$$$0000000B) for _main_init
    entry.o(.ARM.Collect$$$$00000000) refers (Special) to entry5.o(.ARM.Collect$$$$00000004) for _main_scatterload
    entry.o(.ARM.Collect$$$$00000000) refers (Special) to entry2.o(.ARM.Collect$$$$00000001) for _main_stk
    entry2.o(.ARM.Collect$$$$00000001) refers to entry2.o(.ARM.Collect$$$$00002712) for __lit__00000000
    entry2.o(.ARM.Collect$$$$00002712) refers to startup_tm4c123.o(STACK) for __initial_sp
    entry2.o(__vectab_stack_and_reset_area) refers to startup_tm4c123.o(STACK) for __initial_sp
    entry2.o(__vectab_stack_and_reset_area) refers to entry.o(.ARM.Collect$$$$00000000) for __main
    entry5.o(.ARM.Collect$$$$00000004) refers to init.o(.text) for __scatterload
    entry9a.o(.ARM.Collect$$$$0000000B) refers to main.o(.text) for main
    entry9b.o(.ARM.Collect$$$$0000000C) refers to main.o(.text) for main
    init.o(.text) refers to entry5.o(.ARM.Collect$$$$00000004) for __main_after_scatterload


==============================================================================

Removing Unused input sections from the image.

    Removing startup_tm4c123.o(HEAP), (0 bytes).
    Removing lcd.o(.text), (246 bytes).
    Removing uart.o(.text), (672 bytes).
    Removing uartinit.o(.text), (244 bytes).

4 unused section(s) (total 1162 bytes) removed from the image.

==============================================================================

Image Symbol Table

    Local Symbols

    Symbol Name                              Value     Ov Type        Size  Object(Section)

    RESET                                    0x00000000   Section      620  startup_tm4c123.o(RESET)
    ../clib/microlib/init/entry.s            0x00000000   Number         0  entry10a.o ABSOLUTE
    ../clib/microlib/init/entry.s            0x00000000   Number         0  entry9b.o ABSOLUTE
    ../clib/microlib/init/entry.s            0x00000000   Number         0  entry9a.o ABSOLUTE
    ../clib/microlib/init/entry.s            0x00000000   Number         0  entry8b.o ABSOLUTE
    ../clib/microlib/init/entry.s            0x00000000   Number         0  entry8a.o ABSOLUTE
    ../clib/microlib/init/entry.s            0x00000000   Number         0  entry7b.o ABSOLUTE
    ../clib/microlib/init/entry.s            0x00000000   Number         0  entry7a.o ABSOLUTE
    ../clib/microlib/init/entry.s            0x00000000   Number         0  entry.o ABSOLUTE
    ../clib/microlib/init/entry.s            0x00000000   Number         0  entry2.o ABSOLUTE
    ../clib/microlib/init/entry.s            0x00000000   Number         0  entry5.o ABSOLUTE
    ../clib/microlib/init/entry.s            0x00000000   Number         0  entry10b.o ABSOLUTE
    ../clib/microlib/init/entry.s            0x00000000   Number         0  entry11a.o ABSOLUTE
    ../clib/microlib/init/entry.s            0x00000000   Number         0  entry11b.o ABSOLUTE
    Clock.c                                  0x00000000   Number         0  clock.o ABSOLUTE
    GPIO.c                                   0x00000000   Number         0  gpio.o ABSOLUTE
    LCD.c                                    0x00000000   Number         0  lcd.o ABSOLUTE
    SEVEN_SEGMENT_DISPLAY.c                  0x00000000   Number         0  seven_segment_display.o ABSOLUTE
    UART.c                                   0x00000000   Number         0  uart.o ABSOLUTE
    UARTINIT.c                               0x00000000   Number         0  uartinit.o ABSOLUTE
    dc.s                                     0x00000000   Number         0  dc.o ABSOLUTE
    handlers.s                               0x00000000   Number         0  handlers.o ABSOLUTE
    init.s                                   0x00000000   Number         0  init.o ABSOLUTE
    main.c                                   0x00000000   Number         0  main.o ABSOLUTE
    startup_TM4C123.s                        0x00000000   Number         0  startup_tm4c123.o ABSOLUTE
    .ARM.Collect$$$$00000000                 0x0000026c   Section        0  entry.o(.ARM.Collect$$$$00000000)
    .ARM.Collect$$$$00000001                 0x0000026c   Section        4  entry2.o(.ARM.Collect$$$$00000001)
    .ARM.Collect$$$$00000004                 0x00000270   Section        4  entry5.o(.ARM.Collect$$$$00000004)
    .ARM.Collect$$$$00000008                 0x00000274   Section        0  entry7b.o(.ARM.Collect$$$$00000008)
    .ARM.Collect$$$$0000000A                 0x00000274   Section        0  entry8b.o(.ARM.Collect$$$$0000000A)
    .ARM.Collect$$$$0000000B                 0x00000274   Section        8  entry9a.o(.ARM.Collect$$$$0000000B)
    .ARM.Collect$$$$0000000D                 0x0000027c   Section        0  entry10a.o(.ARM.Collect$$$$0000000D)
    .ARM.Collect$$$$0000000F                 0x0000027c   Section        0  entry11a.o(.ARM.Collect$$$$0000000F)
    .ARM.Collect$$$$00002712                 0x0000027c   Section        4  entry2.o(.ARM.Collect$$$$00002712)
    __lit__00000000                          0x0000027c   Data           4  entry2.o(.ARM.Collect$$$$00002712)
    .text                                    0x00000280   Section      252  startup_tm4c123.o(.text)
    $v0                                      0x00000280   Number         0  startup_tm4c123.o(.text)
    .text                                    0x0000037c   Section        0  main.o(.text)
    .text                                    0x00000424   Section        0  clock.o(.text)
    .text                                    0x0000048c   Section        0  gpio.o(.text)
    .text                                    0x00000d30   Section        0  seven_segment_display.o(.text)
    .text                                    0x00000f18   Section       36  init.o(.text)
    i.__scatterload_copy                     0x00000f3c   Section       14  handlers.o(i.__scatterload_copy)
    i.__scatterload_null                     0x00000f4a   Section        2  handlers.o(i.__scatterload_null)
    i.__scatterload_zeroinit                 0x00000f4c   Section       14  handlers.o(i.__scatterload_zeroinit)
    .data                                    0x20000000   Section       12  main.o(.data)
    STACK                                    0x20000010   Section      512  startup_tm4c123.o(STACK)

    Global Symbols

    Symbol Name                              Value     Ov Type        Size  Object(Section)

    BuildAttributes$$THM_ISAv4$E$P$D$K$B$S$7EM$VFPi3$EXTD16$VFPS$VFMA$PE$A:L22UL41UL21$X:L11$S22US41US21$IEEE1$IW$USESV6$~STKCKD$USESV7$~SHL$OSPACE$EBA8$MICROLIB$REQ8$PRES8$EABIv2 0x00000000   Number         0  anon$$obj.o ABSOLUTE
    __ARM_use_no_argv                        0x00000000   Number         0  main.o ABSOLUTE
    __Vectors                                0x00000000   Data           4  startup_tm4c123.o(RESET)
    __cpp_initialize__aeabi_                  - Undefined Weak Reference
    __cxa_finalize                            - Undefined Weak Reference
    __decompress                              - Undefined Weak Reference
    _clock_init                               - Undefined Weak Reference
    _microlib_exit                            - Undefined Weak Reference
    __Vectors_End                            0x0000026c   Data           0  startup_tm4c123.o(RESET)
    __Vectors_Size                           0x0000026c   Number         0  startup_tm4c123.o ABSOLUTE
    __main                                   0x0000026d   Thumb Code     0  entry.o(.ARM.Collect$$$$00000000)
    _main_stk                                0x0000026d   Thumb Code     0  entry2.o(.ARM.Collect$$$$00000001)
    _main_scatterload                        0x00000271   Thumb Code     0  entry5.o(.ARM.Collect$$$$00000004)
    __main_after_scatterload                 0x00000275   Thumb Code     0  entry5.o(.ARM.Collect$$$$00000004)
    _main_clock                              0x00000275   Thumb Code     0  entry7b.o(.ARM.Collect$$$$00000008)
    _main_cpp_init                           0x00000275   Thumb Code     0  entry8b.o(.ARM.Collect$$$$0000000A)
    _main_init                               0x00000275   Thumb Code     0  entry9a.o(.ARM.Collect$$$$0000000B)
    __rt_final_cpp                           0x0000027d   Thumb Code     0  entry10a.o(.ARM.Collect$$$$0000000D)
    __rt_final_exit                          0x0000027d   Thumb Code     0  entry11a.o(.ARM.Collect$$$$0000000F)
    Reset_Handler                            0x00000281   Thumb Code     8  startup_tm4c123.o(.text)
    NMI_Handler                              0x00000289   Thumb Code     2  startup_tm4c123.o(.text)
    HardFault_Handler                        0x0000028b   Thumb Code     2  startup_tm4c123.o(.text)
    MemManage_Handler                        0x0000028d   Thumb Code     2  startup_tm4c123.o(.text)
    BusFault_Handler                         0x0000028f   Thumb Code     2  startup_tm4c123.o(.text)
    UsageFault_Handler                       0x00000291   Thumb Code     2  startup_tm4c123.o(.text)
    SVC_Handler                              0x00000293   Thumb Code     2  startup_tm4c123.o(.text)
    DebugMon_Handler                         0x00000295   Thumb Code     2  startup_tm4c123.o(.text)
    PendSV_Handler                           0x00000297   Thumb Code     2  startup_tm4c123.o(.text)
    SysTick_Handler                          0x00000299   Thumb Code     2  startup_tm4c123.o(.text)
    GPIOA_Handler                            0x0000029b   Thumb Code     2  startup_tm4c123.o(.text)
    GPIOB_Handler                            0x0000029d   Thumb Code     2  startup_tm4c123.o(.text)
    GPIOC_Handler                            0x0000029f   Thumb Code     2  startup_tm4c123.o(.text)
    GPIOD_Handler                            0x000002a1   Thumb Code     2  startup_tm4c123.o(.text)
    GPIOE_Handler                            0x000002a3   Thumb Code     2  startup_tm4c123.o(.text)
    UART0_Handler                            0x000002a5   Thumb Code     2  startup_tm4c123.o(.text)
    UART1_Handler                            0x000002a7   Thumb Code     2  startup_tm4c123.o(.text)
    SSI0_Handler                             0x000002a9   Thumb Code     2  startup_tm4c123.o(.text)
    I2C0_Handler                             0x000002ab   Thumb Code     2  startup_tm4c123.o(.text)
    PMW0_FAULT_Handler                       0x000002ad   Thumb Code     2  startup_tm4c123.o(.text)
    PWM0_0_Handler                           0x000002af   Thumb Code     2  startup_tm4c123.o(.text)
    PWM0_1_Handler                           0x000002b1   Thumb Code     2  startup_tm4c123.o(.text)
    PWM0_2_Handler                           0x000002b3   Thumb Code     2  startup_tm4c123.o(.text)
    QEI0_Handler                             0x000002b5   Thumb Code     2  startup_tm4c123.o(.text)
    ADC0SS0_Handler                          0x000002b7   Thumb Code     2  startup_tm4c123.o(.text)
    ADC0SS1_Handler                          0x000002b9   Thumb Code     2  startup_tm4c123.o(.text)
    ADC0SS2_Handler                          0x000002bb   Thumb Code     2  startup_tm4c123.o(.text)
    ADC0SS3_Handler                          0x000002bd   Thumb Code     2  startup_tm4c123.o(.text)
    WDT0_Handler                             0x000002bf   Thumb Code     2  startup_tm4c123.o(.text)
    TIMER0A_Handler                          0x000002c1   Thumb Code     2  startup_tm4c123.o(.text)
    TIMER0B_Handler                          0x000002c3   Thumb Code     2  startup_tm4c123.o(.text)
    TIMER1A_Handler                          0x000002c5   Thumb Code     2  startup_tm4c123.o(.text)
    TIMER1B_Handler                          0x000002c7   Thumb Code     2  startup_tm4c123.o(.text)
    TIMER2A_Handler                          0x000002c9   Thumb Code     2  startup_tm4c123.o(.text)
    TIMER2B_Handler                          0x000002cb   Thumb Code     2  startup_tm4c123.o(.text)
    COMP0_Handler                            0x000002cd   Thumb Code     2  startup_tm4c123.o(.text)
    COMP1_Handler                            0x000002cf   Thumb Code     2  startup_tm4c123.o(.text)
    COMP2_Handler                            0x000002d1   Thumb Code     2  startup_tm4c123.o(.text)
    SYSCTL_Handler                           0x000002d3   Thumb Code     2  startup_tm4c123.o(.text)
    FLASH_Handler                            0x000002d5   Thumb Code     2  startup_tm4c123.o(.text)
    GPIOF_Handler                            0x000002d7   Thumb Code     2  startup_tm4c123.o(.text)
    GPIOG_Handler                            0x000002d9   Thumb Code     2  startup_tm4c123.o(.text)
    GPIOH_Handler                            0x000002db   Thumb Code     2  startup_tm4c123.o(.text)
    UART2_Handler                            0x000002dd   Thumb Code     2  startup_tm4c123.o(.text)
    SSI1_Handler                             0x000002df   Thumb Code     2  startup_tm4c123.o(.text)
    TIMER3A_Handler                          0x000002e1   Thumb Code     2  startup_tm4c123.o(.text)
    TIMER3B_Handler                          0x000002e3   Thumb Code     2  startup_tm4c123.o(.text)
    I2C1_Handler                             0x000002e5   Thumb Code     2  startup_tm4c123.o(.text)
    QEI1_Handler                             0x000002e7   Thumb Code     2  startup_tm4c123.o(.text)
    CAN0_Handler                             0x000002e9   Thumb Code     2  startup_tm4c123.o(.text)
    CAN1_Handler                             0x000002eb   Thumb Code     2  startup_tm4c123.o(.text)
    CAN2_Handler                             0x000002ed   Thumb Code     2  startup_tm4c123.o(.text)
    HIB_Handler                              0x000002ef   Thumb Code     2  startup_tm4c123.o(.text)
    USB0_Handler                             0x000002f1   Thumb Code     2  startup_tm4c123.o(.text)
    PWM0_3_Handler                           0x000002f3   Thumb Code     2  startup_tm4c123.o(.text)
    UDMA_Handler                             0x000002f5   Thumb Code     2  startup_tm4c123.o(.text)
    UDMAERR_Handler                          0x000002f7   Thumb Code     2  startup_tm4c123.o(.text)
    ADC1SS0_Handler                          0x000002f9   Thumb Code     2  startup_tm4c123.o(.text)
    ADC1SS1_Handler                          0x000002fb   Thumb Code     2  startup_tm4c123.o(.text)
    ADC1SS2_Handler                          0x000002fd   Thumb Code     2  startup_tm4c123.o(.text)
    ADC1SS3_Handler                          0x000002ff   Thumb Code     2  startup_tm4c123.o(.text)
    GPIOJ_Handler                            0x00000301   Thumb Code     2  startup_tm4c123.o(.text)
    GPIOK_Handler                            0x00000303   Thumb Code     2  startup_tm4c123.o(.text)
    GPIOL_Handler                            0x00000305   Thumb Code     2  startup_tm4c123.o(.text)
    SSI2_Handler                             0x00000307   Thumb Code     2  startup_tm4c123.o(.text)
    SSI3_Handler                             0x00000309   Thumb Code     2  startup_tm4c123.o(.text)
    UART3_Handler                            0x0000030b   Thumb Code     2  startup_tm4c123.o(.text)
    UART4_Handler                            0x0000030d   Thumb Code     2  startup_tm4c123.o(.text)
    UART5_Handler                            0x0000030f   Thumb Code     2  startup_tm4c123.o(.text)
    UART6_Handler                            0x00000311   Thumb Code     2  startup_tm4c123.o(.text)
    UART7_Handler                            0x00000313   Thumb Code     2  startup_tm4c123.o(.text)
    I2C2_Handler                             0x00000315   Thumb Code     2  startup_tm4c123.o(.text)
    I2C3_Handler                             0x00000317   Thumb Code     2  startup_tm4c123.o(.text)
    TIMER4A_Handler                          0x00000319   Thumb Code     2  startup_tm4c123.o(.text)
    TIMER4B_Handler                          0x0000031b   Thumb Code     2  startup_tm4c123.o(.text)
    TIMER5A_Handler                          0x0000031d   Thumb Code     2  startup_tm4c123.o(.text)
    TIMER5B_Handler                          0x0000031f   Thumb Code     2  startup_tm4c123.o(.text)
    WTIMER0A_Handler                         0x00000321   Thumb Code     2  startup_tm4c123.o(.text)
    WTIMER0B_Handler                         0x00000323   Thumb Code     2  startup_tm4c123.o(.text)
    WTIMER1A_Handler                         0x00000325   Thumb Code     2  startup_tm4c123.o(.text)
    WTIMER1B_Handler                         0x00000327   Thumb Code     2  startup_tm4c123.o(.text)
    WTIMER2A_Handler                         0x00000329   Thumb Code     2  startup_tm4c123.o(.text)
    WTIMER2B_Handler                         0x0000032b   Thumb Code     2  startup_tm4c123.o(.text)
    WTIMER3A_Handler                         0x0000032d   Thumb Code     2  startup_tm4c123.o(.text)
    WTIMER3B_Handler                         0x0000032f   Thumb Code     2  startup_tm4c123.o(.text)
    WTIMER4A_Handler                         0x00000331   Thumb Code     2  startup_tm4c123.o(.text)
    WTIMER4B_Handler                         0x00000333   Thumb Code     2  startup_tm4c123.o(.text)
    WTIMER5A_Handler                         0x00000335   Thumb Code     2  startup_tm4c123.o(.text)
    WTIMER5B_Handler                         0x00000337   Thumb Code     2  startup_tm4c123.o(.text)
    FPU_Handler                              0x00000339   Thumb Code     2  startup_tm4c123.o(.text)
    I2C4_Handler                             0x0000033b   Thumb Code     2  startup_tm4c123.o(.text)
    I2C5_Handler                             0x0000033d   Thumb Code     2  startup_tm4c123.o(.text)
    GPIOM_Handler                            0x0000033f   Thumb Code     2  startup_tm4c123.o(.text)
    GPION_Handler                            0x00000341   Thumb Code     2  startup_tm4c123.o(.text)
    QEI2_Handler                             0x00000343   Thumb Code     2  startup_tm4c123.o(.text)
    GPIOP0_Handler                           0x00000345   Thumb Code     2  startup_tm4c123.o(.text)
    GPIOP1_Handler                           0x00000347   Thumb Code     2  startup_tm4c123.o(.text)
    GPIOP2_Handler                           0x00000349   Thumb Code     2  startup_tm4c123.o(.text)
    GPIOP3_Handler                           0x0000034b   Thumb Code     2  startup_tm4c123.o(.text)
    GPIOP4_Handler                           0x0000034d   Thumb Code     2  startup_tm4c123.o(.text)
    GPIOP5_Handler                           0x0000034f   Thumb Code     2  startup_tm4c123.o(.text)
    GPIOP6_Handler                           0x00000351   Thumb Code     2  startup_tm4c123.o(.text)
    GPIOP7_Handler                           0x00000353   Thumb Code     2  startup_tm4c123.o(.text)
    GPIOQ0_Handler                           0x00000355   Thumb Code     2  startup_tm4c123.o(.text)
    GPIOQ1_Handler                           0x00000357   Thumb Code     2  startup_tm4c123.o(.text)
    GPIOQ2_Handler                           0x00000359   Thumb Code     2  startup_tm4c123.o(.text)
    GPIOQ3_Handler                           0x0000035b   Thumb Code     2  startup_tm4c123.o(.text)
    GPIOQ4_Handler                           0x0000035d   Thumb Code     2  startup_tm4c123.o(.text)
    GPIOQ5_Handler                           0x0000035f   Thumb Code     2  startup_tm4c123.o(.text)
    GPIOQ6_Handler                           0x00000361   Thumb Code     2  startup_tm4c123.o(.text)
    GPIOQ7_Handler                           0x00000363   Thumb Code     2  startup_tm4c123.o(.text)
    GPIOR_Handler                            0x00000365   Thumb Code     2  startup_tm4c123.o(.text)
    GPIOS_Handler                            0x00000367   Thumb Code     2  startup_tm4c123.o(.text)
    PMW1_0_Handler                           0x00000369   Thumb Code     2  startup_tm4c123.o(.text)
    PWM1_1_Handler                           0x0000036b   Thumb Code     2  startup_tm4c123.o(.text)
    PWM1_2_Handler                           0x0000036d   Thumb Code     2  startup_tm4c123.o(.text)
    PWM1_3_Handler                           0x0000036f   Thumb Code     2  startup_tm4c123.o(.text)
    PWM1_FAULT_Handler                       0x00000371   Thumb Code     2  startup_tm4c123.o(.text)
    SystemInit                               0x0000037d   Thumb Code   100  main.o(.text)
    main                                     0x000003e1   Thumb Code    56  main.o(.text)
    vGPIOCLOCK_SET                           0x00000425   Thumb Code    42  clock.o(.text)
    vUARTCLOCK_SET                           0x0000044f   Thumb Code    48  clock.o(.text)
    vGPIODATA_WRITE                          0x0000048d   Thumb Code    54  gpio.o(.text)
    vGPIODATA_SET                            0x000004c3   Thumb Code   164  gpio.o(.text)
    vGPIODATA_RESET                          0x00000567   Thumb Code   164  gpio.o(.text)
    vGPIODIR_SET                             0x0000060b   Thumb Code   114  gpio.o(.text)
    vGPIODIR_RESET                           0x0000067d   Thumb Code   114  gpio.o(.text)
    vGPIODEN_SET                             0x000006ef   Thumb Code    90  gpio.o(.text)
    vGPIODEN_RESET                           0x00000749   Thumb Code    90  gpio.o(.text)
    vGPIOAFSEL_RESET                         0x000007a3   Thumb Code   114  gpio.o(.text)
    vGPIOAFSEL_SET                           0x00000815   Thumb Code   184  gpio.o(.text)
    vGPIOCR_RESET                            0x000008cd   Thumb Code    90  gpio.o(.text)
    vGPIOCR_SET                              0x00000927   Thumb Code    90  gpio.o(.text)
    vGPIOPCTL_SET                            0x00000981   Thumb Code   152  gpio.o(.text)
    vGPIOPCTL_RESET                          0x00000a19   Thumb Code   152  gpio.o(.text)
    vGPIOPUR_SET                             0x00000ab1   Thumb Code   114  gpio.o(.text)
    vGPIOPUR_RESET                           0x00000b23   Thumb Code   114  gpio.o(.text)
    vGPIOLOCK_SET                            0x00000b95   Thumb Code    78  gpio.o(.text)
    vGPIOLOCK_RESET                          0x00000be3   Thumb Code    78  gpio.o(.text)
    vGPIOAMSEL_SET                           0x00000c31   Thumb Code   114  gpio.o(.text)
    vGPIOAMSEL_RESET                         0x00000ca3   Thumb Code   122  gpio.o(.text)
    vDISPLAY_ENABLE                          0x00000d31   Thumb Code    52  seven_segment_display.o(.text)
    vDISPLAY_DISABLE                         0x00000d65   Thumb Code    52  seven_segment_display.o(.text)
    vDIGIT_NUMBER                            0x00000d99   Thumb Code   126  seven_segment_display.o(.text)
    vLED_WRITE                               0x00000e17   Thumb Code   256  seven_segment_display.o(.text)
    __scatterload                            0x00000f19   Thumb Code    28  init.o(.text)
    __scatterload_rt2                        0x00000f19   Thumb Code     0  init.o(.text)
    __scatterload_copy                       0x00000f3d   Thumb Code    14  handlers.o(i.__scatterload_copy)
    __scatterload_null                       0x00000f4b   Thumb Code     2  handlers.o(i.__scatterload_null)
    __scatterload_zeroinit                   0x00000f4d   Thumb Code    14  handlers.o(i.__scatterload_zeroinit)
    Region$$Table$$Base                      0x00000f5c   Number         0  anon$$obj.o(Region$$Table)
    Region$$Table$$Limit                     0x00000f7c   Number         0  anon$$obj.o(Region$$Table)
    startingPoint                            0x20000000   Data           4  main.o(.data)
    endingPoint                              0x20000004   Data           4  main.o(.data)
    distance                                 0x20000008   Data           4  main.o(.data)
    __initial_sp                             0x20000210   Data           0  startup_tm4c123.o(STACK)



==============================================================================

Memory Map of the image

  Image Entry point : 0x00000281

  Load Region LR_1 (Base: 0x00000000, Size: 0x00000f88, Max: 0xffffffff, ABSOLUTE)

    Execution Region ER_RO (Base: 0x00000000, Size: 0x00000f7c, Max: 0xffffffff, ABSOLUTE)

    Base Addr    Size         Type   Attr      Idx    E Section Name        Object

    0x00000000   0x0000026c   Data   RO            3    RESET               startup_tm4c123.o
    0x0000026c   0x00000000   Code   RO          134  * .ARM.Collect$$$$00000000  mc_w.l(entry.o)
    0x0000026c   0x00000004   Code   RO          137    .ARM.Collect$$$$00000001  mc_w.l(entry2.o)
    0x00000270   0x00000004   Code   RO          140    .ARM.Collect$$$$00000004  mc_w.l(entry5.o)
    0x00000274   0x00000000   Code   RO          142    .ARM.Collect$$$$00000008  mc_w.l(entry7b.o)
    0x00000274   0x00000000   Code   RO          144    .ARM.Collect$$$$0000000A  mc_w.l(entry8b.o)
    0x00000274   0x00000008   Code   RO          145    .ARM.Collect$$$$0000000B  mc_w.l(entry9a.o)
    0x0000027c   0x00000000   Code   RO          147    .ARM.Collect$$$$0000000D  mc_w.l(entry10a.o)
    0x0000027c   0x00000000   Code   RO          149    .ARM.Collect$$$$0000000F  mc_w.l(entry11a.o)
    0x0000027c   0x00000004   Code   RO          138    .ARM.Collect$$$$00002712  mc_w.l(entry2.o)
    0x00000280   0x000000fc   Code   RO            4  * .text               startup_tm4c123.o
    0x0000037c   0x000000a8   Code   RO           10    .text               main.o
    0x00000424   0x00000068   Code   RO           50    .text               clock.o
    0x0000048c   0x000008a4   Code   RO           65    .text               gpio.o
    0x00000d30   0x000001e6   Code   RO           77    .text               seven_segment_display.o
    0x00000f16   0x00000002   PAD
    0x00000f18   0x00000024   Code   RO          151    .text               mc_w.l(init.o)
    0x00000f3c   0x0000000e   Code   RO          155    i.__scatterload_copy  mc_w.l(handlers.o)
    0x00000f4a   0x00000002   Code   RO          156    i.__scatterload_null  mc_w.l(handlers.o)
    0x00000f4c   0x0000000e   Code   RO          157    i.__scatterload_zeroinit  mc_w.l(handlers.o)
    0x00000f5a   0x00000002   PAD
    0x00000f5c   0x00000020   Data   RO          153    Region$$Table       anon$$obj.o


    Execution Region ER_RW (Base: 0x20000000, Size: 0x0000000c, Max: 0xffffffff, ABSOLUTE)

    Base Addr    Size         Type   Attr      Idx    E Section Name        Object

    0x20000000   0x0000000c   Data   RW           11    .data               main.o


    Execution Region ER_ZI (Base: 0x2000000c, Size: 0x00000204, Max: 0xffffffff, ABSOLUTE)

    Base Addr    Size         Type   Attr      Idx    E Section Name        Object

    0x2000000c   0x00000004   PAD
    0x20000010   0x00000200   Zero   RW            1    STACK               startup_tm4c123.o


==============================================================================

Image component sizes


      Code (inc. data)   RO Data    RW Data    ZI Data      Debug   Object Name

       104         14          0          0          0       1208   clock.o
      2212        232          0          0          0       4278   gpio.o
       168         12          0         12          0       2287   main.o
       486         10          0          0          0       1240   seven_segment_display.o
       252         10        620          0        512       5360   startup_tm4c123.o

    ----------------------------------------------------------------------
      3224        278        652         12        516      14373   Object Totals
         0          0         32          0          0          0   (incl. Generated)
         2          0          0          0          4          0   (incl. Padding)

    ----------------------------------------------------------------------

      Code (inc. data)   RO Data    RW Data    ZI Data      Debug   Library Member Name

         0          0          0          0          0          0   entry.o
         0          0          0          0          0          0   entry10a.o
         0          0          0          0          0          0   entry11a.o
         8          4          0          0          0          0   entry2.o
         4          0          0          0          0          0   entry5.o
         0          0          0          0          0          0   entry7b.o
         0          0          0          0          0          0   entry8b.o
         8          4          0          0          0          0   entry9a.o
        30          0          0          0          0          0   handlers.o
        36          8          0          0          0         68   init.o

    ----------------------------------------------------------------------
        88         16          0          0          0         68   Library Totals
         2          0          0          0          0          0   (incl. Padding)

    ----------------------------------------------------------------------

      Code (inc. data)   RO Data    RW Data    ZI Data      Debug   Library Name

        86         16          0          0          0         68   mc_w.l

    ----------------------------------------------------------------------
        88         16          0          0          0         68   Library Totals

    ----------------------------------------------------------------------

==============================================================================


      Code (inc. data)   RO Data    RW Data    ZI Data      Debug   

      3312        294        652         12        516      14341   Grand Totals
      3312        294        652         12        516      14341   ELF Image Totals
      3312        294        652         12          0          0   ROM Totals

==============================================================================

    Total RO  Size (Code + RO Data)                 3964 (   3.87kB)
    Total RW  Size (RW Data + ZI Data)               528 (   0.52kB)
    Total ROM Size (Code + RO Data + RW Data)       3976 (   3.88kB)

==============================================================================

